[4394.069s][info][gc            ] GC(119) Pause Young (Normal) (G1 Evacuation Pause) 61M->45M(78M) 15.461ms
[4394.070s][info][gc,cpu        ] GC(119) User=0.01s Sys=0.00s Real=0.01s
[4394.262s][info][gc,start      ] GC(120) Pause Young (Concurrent Start) (G1 Evacuation Pause)
[4394.263s][info][gc,task       ] GC(120) Using 2 workers of 2 for evacuation
[4394.268s][info][gc,phases     ] GC(120)   Pre Evacuate Collection Set: 0.2ms
[4394.269s][info][gc,phases     ] GC(120)   Evacuate Collection Set: 3.5ms
[4394.269s][info][gc,phases     ] GC(120)   Post Evacuate Collection Set: 0.8ms
[4394.270s][info][gc,phases     ] GC(120)   Other: 1.3ms
[4394.270s][info][gc,heap       ] GC(120) Eden regions: 18->0(18)
[4394.270s][info][gc,heap       ] GC(120) Survivor regions: 1->1(3)
[4394.271s][info][gc,heap       ] GC(120) Old regions: 44->44
[4394.271s][info][gc,heap       ] GC(120) Humongous regions: 2->2
[4394.271s][info][gc,metaspace  ] GC(120) Metaspace: 79604K->79604K(1120256K)
[4394.272s][info][gc            ] GC(120) Pause Young (Concurrent Start) (G1 Evacuation Pause) 63M->45M(78M) 9.479ms
[4394.273s][info][gc,cpu        ] GC(120) User=0.00s Sys=0.01s Real=0.00s
[4394.274s][info][gc            ] GC(121) Concurrent Cycle
[4394.274s][info][gc,marking    ] GC(121) Concurrent Clear Claimed Marks
[4394.274s][info][gc,marking    ] GC(121) Concurrent Clear Claimed Marks 0.542ms
[4394.275s][info][gc,marking    ] GC(121) Concurrent Scan Root Regions
[4394.277s][info][gc,marking    ] GC(121) Concurrent Scan Root Regions 1.876ms
[4394.277s][info][gc,marking    ] GC(121) Concurrent Mark (4394.277s)
[4394.278s][info][gc,marking    ] GC(121) Concurrent Mark From Roots
[4394.278s][info][gc,task       ] GC(121) Using 1 workers of 1 for marking
[4394.430s][info][gc,marking    ] GC(121) Concurrent Mark From Roots 152.534ms
[4394.431s][info][gc,marking    ] GC(121) Concurrent Preclean
[4394.431s][info][gc,marking    ] GC(121) Concurrent Preclean 0.518ms
[4394.432s][info][gc,marking    ] GC(121) Concurrent Mark (4394.277s, 4394.432s) 154.423ms
[4394.432s][info][gc,start      ] GC(121) Pause Remark
[4394.469s][info][gc,stringtable] GC(121) Cleaned string and symbol table, strings: 40731 processed, 90 removed, symbols: 225131 processed, 16 removed
[4394.470s][info][gc            ] GC(121) Pause Remark 48M->48M(78M) 37.890ms
[4394.471s][info][gc,cpu        ] GC(121) User=0.07s Sys=0.00s Real=0.04s
[4394.472s][info][gc,marking    ] GC(121) Concurrent Rebuild Remembered Sets
[4394.534s][info][gc,marking    ] GC(121) Concurrent Rebuild Remembered Sets 61.600ms
[4394.535s][info][gc,start      ] GC(121) Pause Cleanup
[4394.535s][info][gc            ] GC(121) Pause Cleanup 48M->48M(78M) 0.742ms
[4394.536s][info][gc,cpu        ] GC(121) User=0.00s Sys=0.00s Real=0.00s
[4394.536s][info][gc,marking    ] GC(121) Concurrent Cleanup for Next Mark
[4394.537s][info][gc,marking    ] GC(121) Concurrent Cleanup for Next Mark 0.621ms
[4394.537s][info][gc            ] GC(121) Concurrent Cycle 263.926ms
[4412.897s][info][gc,start      ] GC(122) Pause Young (Prepare Mixed) (G1 Evacuation Pause)
[4412.899s][info][gc,task       ] GC(122) Using 2 workers of 2 for evacuation
[4412.911s][info][gc,phases     ] GC(122)   Pre Evacuate Collection Set: 0.1ms
[4412.911s][info][gc,phases     ] GC(122)   Evacuate Collection Set: 9.7ms
[4412.912s][info][gc,phases     ] GC(122)   Post Evacuate Collection Set: 1.0ms
[4412.912s][info][gc,phases     ] GC(122)   Other: 3.4ms
[4412.913s][info][gc,heap       ] GC(122) Eden regions: 18->0(1)
[4412.913s][info][gc,heap       ] GC(122) Survivor regions: 1->2(3)
[4412.914s][info][gc,heap       ] GC(122) Old regions: 44->44
[4412.915s][info][gc,heap       ] GC(122) Humongous regions: 2->2
[4412.915s][info][gc,metaspace  ] GC(122) Metaspace: 80108K->80108K(1120256K)
[4412.916s][info][gc            ] GC(122) Pause Young (Prepare Mixed) (G1 Evacuation Pause) 63M->45M(78M) 19.325ms
[4412.917s][info][gc,cpu        ] GC(122) User=0.02s Sys=0.00s Real=0.02s
[4412.941s][info][gc,start      ] GC(123) Pause Young (Mixed) (G1 Evacuation Pause)
[4412.942s][info][gc,task       ] GC(123) Using 2 workers of 2 for evacuation
[4412.957s][info][gc,phases     ] GC(123)   Pre Evacuate Collection Set: 0.0ms
[4412.957s][info][gc,phases     ] GC(123)   Evacuate Collection Set: 13.5ms
[4412.957s][info][gc,phases     ] GC(123)   Post Evacuate Collection Set: 0.9ms
[4412.958s][info][gc,phases     ] GC(123)   Other: 1.1ms
[4412.958s][info][gc,heap       ] GC(123) Eden regions: 1->0(18)
[4412.958s][info][gc,heap       ] GC(123) Survivor regions: 2->1(1)
[4412.959s][info][gc,heap       ] GC(123) Old regions: 44->45
[4412.959s][info][gc,heap       ] GC(123) Humongous regions: 2->2
[4412.959s][info][gc,metaspace  ] GC(123) Metaspace: 80125K->80125K(1120256K)
[4412.960s][info][gc            ] GC(123) Pause Young (Mixed) (G1 Evacuation Pause) 46M->45M(78M) 18.416ms
[4412.960s][info][gc,cpu        ] GC(123) User=0.00s Sys=0.03s Real=0.02s
[4416.078s][info][gc,start      ] GC(124) Pause Young (Concurrent Start) (G1 Evacuation Pause)
