[3623.724s][info][gc,task       ] GC(115) Using 1 workers of 1 for marking
[3623.717s][info][gc,start      ] GC(116) Pause Young (Normal) (G1 Evacuation Pause)
[3623.725s][info][gc,task       ] GC(116) Using 2 workers of 2 for evacuation
[3623.730s][info][gc,phases     ] GC(116)   Pre Evacuate Collection Set: 7.0ms
[3623.731s][info][gc,phases     ] GC(116)   Evacuate Collection Set: 3.3ms
[3623.731s][info][gc,phases     ] GC(116)   Post Evacuate Collection Set: 1.1ms
[3623.732s][info][gc,phases     ] GC(116)   Other: 8.9ms
[3623.732s][info][gc,heap       ] GC(116) Eden regions: 17->0(18)
[3623.733s][info][gc,heap       ] GC(116) Survivor regions: 1->1(3)
[3623.733s][info][gc,heap       ] GC(116) Old regions: 44->44
[3623.734s][info][gc,heap       ] GC(116) Humongous regions: 2->2
[3623.735s][info][gc,metaspace  ] GC(116) Metaspace: 77784K->77784K(1118208K)
[3623.735s][info][gc            ] GC(116) Pause Young (Normal) (G1 Evacuation Pause) 61M->44M(78M) 17.982ms
[3623.736s][info][gc,cpu        ] GC(116) User=0.01s Sys=0.00s Real=0.02s
[3623.885s][info][gc,marking    ] GC(115) Concurrent Mark From Roots 166.513ms
[3623.886s][info][gc,marking    ] GC(115) Concurrent Preclean
[3623.888s][info][gc,marking    ] GC(115) Concurrent Preclean 1.950ms
[3623.888s][info][gc,marking    ] GC(115) Concurrent Mark (3623.718s, 3623.888s) 170.568ms
[3623.889s][info][gc,start      ] GC(115) Pause Remark
[3623.924s][info][gc,stringtable] GC(115) Cleaned string and symbol table, strings: 40176 processed, 386 removed, symbols: 220760 processed, 69 removed
[3623.925s][info][gc            ] GC(115) Pause Remark 47M->47M(78M) 35.618ms
[3623.926s][info][gc,cpu        ] GC(115) User=0.06s Sys=0.00s Real=0.04s
[3623.928s][info][gc,marking    ] GC(115) Concurrent Rebuild Remembered Sets
[3623.985s][info][gc,marking    ] GC(115) Concurrent Rebuild Remembered Sets 56.812ms
[3623.986s][info][gc,start      ] GC(115) Pause Cleanup
[3623.987s][info][gc            ] GC(115) Pause Cleanup 47M->47M(78M) 0.829ms
[3623.987s][info][gc,cpu        ] GC(115) User=0.00s Sys=0.00s Real=0.00s
[3623.988s][info][gc,marking    ] GC(115) Concurrent Cleanup for Next Mark
[3623.989s][info][gc,marking    ] GC(115) Concurrent Cleanup for Next Mark 0.818ms
[3623.989s][info][gc            ] GC(115) Concurrent Cycle 284.869ms
[4393.298s][info][gc,start      ] GC(117) Pause Young (Prepare Mixed) (G1 Evacuation Pause)
[4393.298s][info][gc,task       ] GC(117) Using 2 workers of 2 for evacuation
[4393.322s][info][gc,phases     ] GC(117)   Pre Evacuate Collection Set: 0.0ms
[4393.323s][info][gc,phases     ] GC(117)   Evacuate Collection Set: 20.7ms
[4393.324s][info][gc,phases     ] GC(117)   Post Evacuate Collection Set: 2.1ms
[4393.329s][info][gc,phases     ] GC(117)   Other: 1.7ms
[4393.331s][info][gc,heap       ] GC(117) Eden regions: 18->0(1)
[4393.332s][info][gc,heap       ] GC(117) Survivor regions: 1->2(3)
[4393.332s][info][gc,heap       ] GC(117) Old regions: 44->44
[4393.333s][info][gc,heap       ] GC(117) Humongous regions: 2->2
[4393.334s][info][gc,metaspace  ] GC(117) Metaspace: 78155K->78155K(1118208K)
[4393.336s][info][gc            ] GC(117) Pause Young (Prepare Mixed) (G1 Evacuation Pause) 62M->45M(78M) 38.063ms
[4393.338s][info][gc,cpu        ] GC(117) User=0.05s Sys=0.00s Real=0.04s
[4393.722s][info][gc,start      ] GC(118) Pause Young (Mixed) (G1 Evacuation Pause)
[4393.722s][info][gc,task       ] GC(118) Using 2 workers of 2 for evacuation
[4393.737s][info][gc,phases     ] GC(118)   Pre Evacuate Collection Set: 0.1ms
[4393.737s][info][gc,phases     ] GC(118)   Evacuate Collection Set: 12.0ms
[4393.737s][info][gc,phases     ] GC(118)   Post Evacuate Collection Set: 0.8ms
[4393.738s][info][gc,phases     ] GC(118)   Other: 2.3ms
[4393.738s][info][gc,heap       ] GC(118) Eden regions: 1->0(17)
[4393.739s][info][gc,heap       ] GC(118) Survivor regions: 2->1(1)
[4393.739s][info][gc,heap       ] GC(118) Old regions: 44->44
[4393.740s][info][gc,heap       ] GC(118) Humongous regions: 2->2
[4393.740s][info][gc,metaspace  ] GC(118) Metaspace: 78216K->78216K(1118208K)
[4393.740s][info][gc            ] GC(118) Pause Young (Mixed) (G1 Evacuation Pause) 46M->44M(78M) 18.798ms
[4393.741s][info][gc,cpu        ] GC(118) User=0.00s Sys=0.02s Real=0.02s
[4394.054s][info][gc,start      ] GC(119) Pause Young (Normal) (G1 Evacuation Pause)
[4394.054s][info][gc,task       ] GC(119) Using 2 workers of 2 for evacuation
[4394.062s][info][gc,phases     ] GC(119)   Pre Evacuate Collection Set: 0.0ms
[4394.063s][info][gc,phases     ] GC(119)   Evacuate Collection Set: 6.2ms
[4394.063s][info][gc,phases     ] GC(119)   Post Evacuate Collection Set: 1.1ms
[4394.063s][info][gc,phases     ] GC(119)   Other: 1.3ms
[4394.064s][info][gc,heap       ] GC(119) Eden regions: 17->0(18)
[4394.064s][info][gc,heap       ] GC(119) Survivor regions: 1->1(3)
[4394.065s][info][gc,heap       ] GC(119) Old regions: 44->44
[4394.065s][info][gc,heap       ] GC(119) Humongous regions: 2->2
[4394.065s][info][gc,metaspace  ] GC(119) Metaspace: 78821K->78821K(1120256K)
