[4416.083s][info][gc,task       ] GC(124) Using 2 workers of 2 for evacuation
[4416.097s][info][gc,phases     ] GC(124)   Pre Evacuate Collection Set: 0.3ms
[4416.098s][info][gc,phases     ] GC(124)   Evacuate Collection Set: 11.2ms
[4416.098s][info][gc,phases     ] GC(124)   Post Evacuate Collection Set: 0.9ms
[4416.098s][info][gc,phases     ] GC(124)   Other: 6.4ms
[4416.099s][info][gc,heap       ] GC(124) Eden regions: 18->0(18)
[4416.099s][info][gc,heap       ] GC(124) Survivor regions: 1->1(3)
[4416.100s][info][gc,heap       ] GC(124) Old regions: 45->45
[4416.100s][info][gc,heap       ] GC(124) Humongous regions: 2->2
[4416.100s][info][gc,metaspace  ] GC(124) Metaspace: 80757K->80757K(1122304K)
[4416.101s][info][gc            ] GC(124) Pause Young (Concurrent Start) (G1 Evacuation Pause) 63M->45M(78M) 23.098ms
[4416.101s][info][gc,cpu        ] GC(124) User=0.00s Sys=0.01s Real=0.02s
[4416.102s][info][gc            ] GC(125) Concurrent Cycle
[4416.102s][info][gc,marking    ] GC(125) Concurrent Clear Claimed Marks
[4416.107s][info][gc,marking    ] GC(125) Concurrent Clear Claimed Marks 4.658ms
[4416.107s][info][gc,marking    ] GC(125) Concurrent Scan Root Regions
[4416.115s][info][gc,marking    ] GC(125) Concurrent Scan Root Regions 8.033ms
[4416.116s][info][gc,marking    ] GC(125) Concurrent Mark (4416.116s)
[4416.116s][info][gc,marking    ] GC(125) Concurrent Mark From Roots
[4416.117s][info][gc,task       ] GC(125) Using 1 workers of 1 for marking
[4416.208s][info][gc,marking    ] GC(125) Concurrent Mark From Roots 91.579ms
[4416.209s][info][gc,marking    ] GC(125) Concurrent Preclean
[4416.209s][info][gc,marking    ] GC(125) Concurrent Preclean 0.597ms
[4416.210s][info][gc,marking    ] GC(125) Concurrent Mark (4416.116s, 4416.210s) 93.780ms
[4416.211s][info][gc,start      ] GC(125) Pause Remark
[4416.235s][info][gc,stringtable] GC(125) Cleaned string and symbol table, strings: 41201 processed, 72 removed, symbols: 226834 processed, 13 removed
[4416.236s][info][gc            ] GC(125) Pause Remark 47M->47M(78M) 25.933ms
[4416.237s][info][gc,cpu        ] GC(125) User=0.05s Sys=0.00s Real=0.03s
[4416.238s][info][gc,marking    ] GC(125) Concurrent Rebuild Remembered Sets
[4416.291s][info][gc,marking    ] GC(125) Concurrent Rebuild Remembered Sets 53.021ms
[4416.292s][info][gc,start      ] GC(125) Pause Cleanup
[4416.292s][info][gc            ] GC(125) Pause Cleanup 47M->47M(78M) 0.807ms
[4416.293s][info][gc,cpu        ] GC(125) User=0.00s Sys=0.00s Real=0.01s
[4416.294s][info][gc,marking    ] GC(125) Concurrent Cleanup for Next Mark
[4416.294s][info][gc,marking    ] GC(125) Concurrent Cleanup for Next Mark 0.763ms
[4416.295s][info][gc            ] GC(125) Concurrent Cycle 193.128ms
[4419.115s][info][gc,start      ] GC(126) Pause Young (Prepare Mixed) (G1 Evacuation Pause)
[4419.115s][info][gc,task       ] GC(126) Using 2 workers of 2 for evacuation
[4419.132s][info][gc,phases     ] GC(126)   Pre Evacuate Collection Set: 0.0ms
[4419.133s][info][gc,phases     ] GC(126)   Evacuate Collection Set: 13.6ms
[4419.134s][info][gc,phases     ] GC(126)   Post Evacuate Collection Set: 1.4ms
[4419.135s][info][gc,phases     ] GC(126)   Other: 2.0ms
[4419.136s][info][gc,heap       ] GC(126) Eden regions: 18->0(1)
[4419.138s][info][gc,heap       ] GC(126) Survivor regions: 1->3(3)
[4419.139s][info][gc,heap       ] GC(126) Old regions: 45->45
[4419.139s][info][gc,heap       ] GC(126) Humongous regions: 2->2
[4419.140s][info][gc,metaspace  ] GC(126) Metaspace: 81303K->81303K(1122304K)
[4419.140s][info][gc            ] GC(126) Pause Young (Prepare Mixed) (G1 Evacuation Pause) 63M->47M(78M) 25.545ms
[4419.141s][info][gc,cpu        ] GC(126) User=0.03s Sys=0.00s Real=0.02s
[4423.336s][info][gc,start      ] GC(127) Pause Young (Mixed) (G1 Evacuation Pause)
[4423.337s][info][gc,task       ] GC(127) Using 2 workers of 2 for evacuation
[4423.370s][info][gc,phases     ] GC(127)   Pre Evacuate Collection Set: 0.0ms
[4423.370s][info][gc,phases     ] GC(127)   Evacuate Collection Set: 31.2ms
[4423.371s][info][gc,phases     ] GC(127)   Post Evacuate Collection Set: 0.8ms
[4423.371s][info][gc,phases     ] GC(127)   Other: 1.5ms
[4423.372s][info][gc,heap       ] GC(127) Eden regions: 1->0(17)
[4423.372s][info][gc,heap       ] GC(127) Survivor regions: 3->1(1)
[4423.372s][info][gc,heap       ] GC(127) Old regions: 45->46
[4423.373s][info][gc,heap       ] GC(127) Humongous regions: 2->2
[4423.373s][info][gc,metaspace  ] GC(127) Metaspace: 81310K->81310K(1122304K)
[4423.373s][info][gc            ] GC(127) Pause Young (Mixed) (G1 Evacuation Pause) 48M->46M(78M) 36.902ms
[4423.374s][info][gc,cpu        ] GC(127) User=0.02s Sys=0.02s Real=0.04s
[4456.138s][info][gc,start      ] GC(128) Pause Young (Concurrent Start) (G1 Evacuation Pause)
[4456.139s][info][gc,task       ] GC(128) Using 2 workers of 2 for evacuation
[4456.159s][info][gc,phases     ] GC(128)   Pre Evacuate Collection Set: 0.3ms
[4456.159s][info][gc,phases     ] GC(128)   Evacuate Collection Set: 13.2ms
