[4456.164s][info][gc,phases     ] GC(128)   Post Evacuate Collection Set: 6.0ms
[4456.165s][info][gc,phases     ] GC(128)   Other: 1.3ms
[4456.165s][info][gc,heap       ] GC(128) Eden regions: 17->0(16)
[4456.165s][info][gc,heap       ] GC(128) Survivor regions: 1->2(3)
[4456.166s][info][gc,heap       ] GC(128) Old regions: 46->46
[4456.166s][info][gc,heap       ] GC(128) Humongous regions: 2->2
[4456.167s][info][gc,metaspace  ] GC(128) Metaspace: 81776K->81776K(1122304K)
[4456.168s][info][gc            ] GC(128) Pause Young (Concurrent Start) (G1 Evacuation Pause) 63M->48M(78M) 29.626ms
[4456.168s][info][gc,cpu        ] GC(128) User=0.01s Sys=0.01s Real=0.03s
[4456.169s][info][gc            ] GC(129) Concurrent Cycle
[4456.169s][info][gc,marking    ] GC(129) Concurrent Clear Claimed Marks
[4456.170s][info][gc,marking    ] GC(129) Concurrent Clear Claimed Marks 0.568ms
[4456.170s][info][gc,marking    ] GC(129) Concurrent Scan Root Regions
[4456.173s][info][gc,marking    ] GC(129) Concurrent Scan Root Regions 2.965ms
[4456.174s][info][gc,marking    ] GC(129) Concurrent Mark (4456.174s)
[4456.174s][info][gc,marking    ] GC(129) Concurrent Mark From Roots
[4456.175s][info][gc,task       ] GC(129) Using 1 workers of 1 for marking
[4456.295s][info][gc,marking    ] GC(129) Concurrent Mark From Roots 120.595ms
[4456.296s][info][gc,marking    ] GC(129) Concurrent Preclean
[4456.297s][info][gc,marking    ] GC(129) Concurrent Preclean 0.769ms
[4456.298s][info][gc,marking    ] GC(129) Concurrent Mark (4456.174s, 4456.298s) 124.696ms
[4456.300s][info][gc,start      ] GC(129) Pause Remark
[4456.326s][info][gc,stringtable] GC(129) Cleaned string and symbol table, strings: 41650 processed, 17 removed, symbols: 228037 processed, 3 removed
[4456.327s][info][gc            ] GC(129) Pause Remark 48M->48M(78M) 27.345ms
[4456.328s][info][gc,cpu        ] GC(129) User=0.05s Sys=0.00s Real=0.03s
[4456.329s][info][gc,marking    ] GC(129) Concurrent Rebuild Remembered Sets
[4456.387s][info][gc,marking    ] GC(129) Concurrent Rebuild Remembered Sets 58.111ms
[4456.387s][info][gc,start      ] GC(129) Pause Cleanup
[4456.388s][info][gc            ] GC(129) Pause Cleanup 48M->48M(78M) 0.536ms
[4456.388s][info][gc,cpu        ] GC(129) User=0.00s Sys=0.00s Real=0.00s
[4456.389s][info][gc,marking    ] GC(129) Concurrent Cleanup for Next Mark
[4456.389s][info][gc,marking    ] GC(129) Concurrent Cleanup for Next Mark 0.620ms
[4456.390s][info][gc            ] GC(129) Concurrent Cycle 220.946ms
[4465.178s][info][gc,start      ] GC(130) Pause Young (Normal) (G1 Evacuation Pause)
[4465.179s][info][gc,task       ] GC(130) Using 2 workers of 2 for evacuation
[4465.194s][info][gc,phases     ] GC(130)   Pre Evacuate Collection Set: 0.0ms
[4465.195s][info][gc,phases     ] GC(130)   Evacuate Collection Set: 8.8ms
[4465.196s][info][gc,phases     ] GC(130)   Post Evacuate Collection Set: 6.1ms
[4465.196s][info][gc,phases     ] GC(130)   Other: 1.4ms
[4465.197s][info][gc,heap       ] GC(130) Eden regions: 16->0(15)
[4465.197s][info][gc,heap       ] GC(130) Survivor regions: 2->2(3)
[4465.197s][info][gc,heap       ] GC(130) Old regions: 46->47
[4465.198s][info][gc,heap       ] GC(130) Humongous regions: 2->2
[4465.198s][info][gc,metaspace  ] GC(130) Metaspace: 81893K->81893K(1122304K)
[4465.199s][info][gc            ] GC(130) Pause Young (Normal) (G1 Evacuation Pause) 64M->48M(78M) 20.537ms
[4465.199s][info][gc,cpu        ] GC(130) User=0.01s Sys=0.00s Real=0.02s
[9484.060s][info][gc,start      ] GC(131) Pause Young (Concurrent Start) (G1 Evacuation Pause)
[9484.061s][info][gc,task       ] GC(131) Using 2 workers of 2 for evacuation
[9484.071s][info][gc,phases     ] GC(131)   Pre Evacuate Collection Set: 0.3ms
[9484.072s][info][gc,phases     ] GC(131)   Evacuate Collection Set: 8.5ms
[9484.072s][info][gc,phases     ] GC(131)   Post Evacuate Collection Set: 0.7ms
[9484.073s][info][gc,phases     ] GC(131)   Other: 1.7ms
[9484.073s][info][gc,heap       ] GC(131) Eden regions: 15->0(16)
[9484.074s][info][gc,heap       ] GC(131) Survivor regions: 2->1(3)
[9484.074s][info][gc,heap       ] GC(131) Old regions: 47->47
[9484.075s][info][gc,heap       ] GC(131) Humongous regions: 2->2
[9484.075s][info][gc,metaspace  ] GC(131) Metaspace: 82311K->82311K(1122304K)
[9484.076s][info][gc            ] GC(131) Pause Young (Concurrent Start) (G1 Evacuation Pause) 63M->48M(78M) 15.479ms
[9484.076s][info][gc,cpu        ] GC(131) User=0.01s Sys=0.00s Real=0.02s
[9484.077s][info][gc            ] GC(132) Concurrent Cycle
[9484.077s][info][gc,marking    ] GC(132) Concurrent Clear Claimed Marks
[9484.078s][info][gc,marking    ] GC(132) Concurrent Clear Claimed Marks 0.621ms
[9484.078s][info][gc,marking    ] GC(132) Concurrent Scan Root Regions
[9484.080s][info][gc,marking    ] GC(132) Concurrent Scan Root Regions 1.965ms
[9484.081s][info][gc,marking    ] GC(132) Concurrent Mark (9484.081s)
[9484.081s][info][gc,marking    ] GC(132) Concurrent Mark From Roots
[9484.081s][info][gc,task       ] GC(132) Using 1 workers of 1 for marking
