[9484.163s][info][gc,marking    ] GC(132) Concurrent Mark From Roots 82.087ms
[9484.164s][info][gc,marking    ] GC(132) Concurrent Preclean
[9484.165s][info][gc,marking    ] GC(132) Concurrent Preclean 0.641ms
[9484.165s][info][gc,marking    ] GC(132) Concurrent Mark (9484.081s, 9484.165s) 84.288ms
[9484.166s][info][gc,start      ] GC(132) Pause Remark
[9484.196s][info][gc,stringtable] GC(132) Cleaned string and symbol table, strings: 41872 processed, 145 removed, symbols: 228309 processed, 1 removed
[9484.197s][info][gc            ] GC(132) Pause Remark 48M->48M(78M) 31.278ms
[9484.198s][info][gc,cpu        ] GC(132) User=0.05s Sys=0.00s Real=0.03s
[9484.198s][info][gc,marking    ] GC(132) Concurrent Rebuild Remembered Sets
[9484.249s][info][gc,marking    ] GC(132) Concurrent Rebuild Remembered Sets 50.870ms
[9484.250s][info][gc,start      ] GC(132) Pause Cleanup
[9484.251s][info][gc            ] GC(132) Pause Cleanup 48M->48M(78M) 0.832ms
[9484.251s][info][gc,cpu        ] GC(132) User=0.00s Sys=0.00s Real=0.00s
[9484.252s][info][gc,marking    ] GC(132) Concurrent Cleanup for Next Mark
[9484.253s][info][gc,marking    ] GC(132) Concurrent Cleanup for Next Mark 0.801ms
[9484.253s][info][gc            ] GC(132) Concurrent Cycle 176.661ms
[15098.049s][info][gc,heap,exit  ] Heap
[15098.049s][info][gc,heap,exit  ]  garbage-first heap   total 79872K, used 62505K [0x00000000f0000000, 0x0000000100000000)
[15098.049s][info][gc,heap,exit  ]   region size 1024K, 15 young (15360K), 1 survivors (1024K)
[15098.050s][info][gc,heap,exit  ]  Metaspace       used 82371K, capacity 84896K, committed 85244K, reserved 1122304K
[15098.050s][info][gc,heap,exit  ]   class space    used 10872K, capacity 11729K, committed 11852K, reserved 1048576K
